--: line 1: mvn: command not found
